
> github-projects@0.0.1 test:integration
> npm run compile && node ./out/tests/integration/runIntegrationTests.js


> github-projects@0.0.1 compile
> tsc -p ./

Loaded environment variables from F:\APPs\Projects\gh_projects\gh_projects\.env
Running integration tests...
node.exe : - Resolving version...
At C:\Program Files\nodejs\npm.ps1:29 char:3
+   & $NODE_EXE $NPM_CLI_JS $args
+   ~~~~~~~~~~~~~~~~~~~~~~~~~~~~~
    + CategoryInfo          : NotSpecified: (- Reso 
   lving version...:String) [], RemoteException
    + FullyQualifiedErrorId : NativeCommandError
 
✔ Validated version: 1.106.3
✔ Found existing install in F:\APPs\Projects\gh_proj
ects\gh_projects\.vscode-test\vscode-win32-x64-archi
ve-1.106.3


DevTools listening on ws://127.0.0.1:9223/devtools/b
rowser/c8165468-c6fe-4182-b387-0b0d5483d928
Warning: 'remote-debugging-port' is not in the list 
of known options, but still passed to 
Electron/Chromium.
[main 2025-12-02T14:16:42.712Z] update#setState disabled
[main 2025-12-02T14:16:42.713Z] update#ctor - updates are disabled by the environment
ChatSessionStore: Migrating 0 chat sessions from storage service to file system
Started local extension host with pid 11680.
Loading development extension at f:\APPs\Projects\gh_projects\gh_projects
MCP Registry configured: https://api.mcp.github.com
Settings Sync: Account status changed from uninitialized to unavailable
[2025-12-02T14:16:46.753Z] [INFO] activate { workspaceFoldersCount: 1 }
[2025-12-02T14:16:46.756Z] [INFO] Skipping initial auth check for testing
Starting Extension UI Tests...
Env Vars Check: {
  hasToken: true,
  projectId: 'PVT_kwHOBFUFqs4BJWaO',
  cwd: 'F:\\APPs\\Projects\\gh_projects\\gh_projects\\.vscode-test\\vscode-win32-x64-archive-1.106.3'
}
Authentication handled via GH_PROJECTS_TOKEN_FOR_TESTING in AuthenticationManager.
Activating extension: your-publisher.github-projects
Extension activated.
ghProjects commands: [
  'ghProjects.refresh',
  'ghProjects.signIn',
  'ghProjects.openProject',
  'ghProjects.testTableQueries'
]
Executing openProject with ID: PVT_kwHOBFUFqs4BJWaO
[2025-12-02T14:16:48.772Z] [INFO] [ghProjects] Fetching views for PVT_kwHOBFUFqs4BJWaO
Open Project command executed.
Connected to CDP.
[findWebviewPage] Attempt 1/60. Found 1 pages: ["vscode-file://vscode-app/f:/APPs/Projects/gh_projects/gh_projects/.vscode-test/vscode-win32-x64-archive-1.106.3/resources/app/out/vs/code/electron-browser/workbench/workbench.html"]
Found webview iframe in workbench page.
Webview page found.
Content frame is null, retrying...
Content frame still null, checking page.frames()...
Available frames: vscode-file://vscode-app/f:/APPs/Projects/gh_projects/gh_projects/.vscode-test/vscode-win32-x64-archive-1.106.3/resources/app/out/vs/code/electron-browser/workbench/workbench.html
Test Failed: Error: Webview iframe found but 
content frame is null
	at waitForWebviewContent (f:\APPs\Projects\gh_proje
cts\gh_projects\out\tests\integration\playwrightHelp
ers.js:116:15)
	at async Object.run (f:\APPs\Projects\gh_projects\g
h_projects\out\tests\integration\extensionUITest.set
up.js:92:23)
[findWebviewPage] Attempt 1/60. Found 1 pages: ["vscode-file://vscode-app/f:/APPs/Projects/gh_projects/gh_projects/.vscode-test/vscode-win32-x64-archive-1.106.3/resources/app/out/vs/code/electron-browser/workbench/workbench.html"]
Found webview iframe in workbench page.
Artifacts captured: f:\APPs\Projects\gh_projects\out\test-artifacts\failure-2025-12-02T14-16-59-570Z.png, f:\APPs\Projects\gh_projects\out\test-artifacts\failure-2025-12-02T14-16-59-570Z.html
Error: Webview iframe found but content frame is 
null
	at waitForWebviewContent (f:\APPs\Projects\gh_proje
cts\gh_projects\out\tests\integration\playwrightHelp
ers.js:116:15)
	at async Object.run (f:\APPs\Projects\gh_projects\g
h_projects\out\tests\integration\extensionUITest.set
up.js:92:23)
[main 2025-12-02T14:16:59.854Z] Extension host with pid 11680 exited with code: 0, signal: unknown.
Exit code:   1
Failed to run tests
